// Jest Snapshot v1, https://goo.gl/fbAQLP

exports[`render header correctly 1`] = `
<header>
  <h1>
    Expensify
  </h1>
  <NavLink
    activeClassName="is-active"
    ariaCurrent="true"
    exact={true}
    to="/"
  >
     Home page 
  </NavLink>
  <NavLink
    activeClassName="is-active"
    ariaCurrent="true"
    to="/create"
  >
     Create expense page 
  </NavLink>
</header>
`;
